MIME-Version: 1.0
Content-Type: multipart/mixed; boundary="===============2878993834356808927=="
Subject: =?utf-8?b?0JLQsNGIINGH0LXQuiDQvtGC?= Portative Shop
From: shop@portative.by
To: user@example.com
Date: Sat, 06 Jun 2026 15:26:57 +0000
Message-ID: <178075961705.21844.15160727958778589575@HomePC>

--===============2878993834356808927==
Content-Type: text/plain; charset="utf-8"
Content-Transfer-Encoding: base64

0JfQtNGA0LDQstGB0YLQstGD0LnRgtC1LCB1c2VyISDQktCw0Ygg0YfQtdC6INC90LDRhdC+0LTQ
uNGC0YHRjyDQstC+INCy0LvQvtC20LXQvdC40LguCg==

--===============2878993834356808927==
Content-Type: application/vnd.openxmlformats-officedocument.spreadsheetml.sheet
Content-Transfer-Encoding: base64
Content-Disposition: attachment; filename="receipt_12.xlsx"
MIME-Version: 1.0

UEsDBBQAAAAIAFyTxlxGx01IlwAAAM0AAAAQAAAAZG9jUHJvcHMvYXBwLnhtbE2PTQvCMBBE/0ro
3aS16EFiQdSj6Ml7TDc2kGSXZIX476WCH7cZhvdg9CUjQWYPRdQYUtk2EzNtlCp2gmiKRIJUY3CY
o+EiMd8VOuctHNA+IiRWy7ZdK6gMaYRxQV9hM+gdUfDWsMc0nLzNWNCxOFYLQewxkmF/CyCUOBMk
etYgetnJlVb/4Gy5Qi5z7mX3Hj9dq9+B4QVQSwMEFAAAAAgAXJPGXGyTDG3tAAAAywEAABEAAABk
b2NQcm9wcy9jb3JlLnhtbJXRTWvDMAwG4L9Sck/kpDQDk/rS0VMHgxU2djO22pr5C1sj6b8fydq0
Y7sMfJJePZZxpyJXIeFzChETGcyLwVmfuYrr4kQUOUBWJ3QyVyGiH5w9hOQk5SqkI0SpPuQRoWGs
BYcktSQJI1jGWSwupFYzGT+TnQCtAC069JShrmq4ZQmTy38OTJ05OWQzp/q+r/rllGsYq+Htafcy
LV8an0l6hYXotOIqoaSQxPiieB5sB3fF7nL3dwH1YsiG0zniurh2Xpebx/22EA1r2pKNZ1+veNPy
Vfs+Wj/mb6AL2hzMP8WHO/EKiA5+/Zv4AlBLAwQUAAAACABck8ZcmVycIwkGAACcJwAAEwAAAHhs
L3RoZW1lL3RoZW1lMS54bWztWt9T2zgQfuev0Ohm7u0aO45DQjEdnB/lrtAykOtNHzeOYqvIkkdS
gPz3N7JJsBzHoZ1Q2jvygGNZ37f7rVe7lsPxu/uUoVsiFRU8wO4bB787OTiGI52QlKD7lHF1BAFO
tM6OWi0VJSQF9UZkhN+nbC5kClq9ETJuzSTcUR6nrNV2nG4rBcox4pCSAH+az2lE0MRQ4pMDhFb8
I0ZSwrUyY/loxOS1MUEsZI55mDG7cVdn+blaqgGT6BZYgO8on4m7CbnXGDFQesBkgJ38g1trjpZF
cgxHTO+iLNGN849NVyLIPWzbdDKervnccad/OKx607a8aYCPRqPByK1aL8MhigivCipTdMY9N6x4
UAGtaRo8GTi+06ml2fTG207TD8PQ79fReBs0ne00PafbOW3X0XQ2aPyG2ISng0G3jsbfoOlupxkf
9rudWpo16BiOEkb5zXYSk7XVRLMgx3A0F+ysmaXnOE6vkv02yoysl916Ic4F1ztWYgpfhRwLri3r
DDTlSC8zMoeIBHgA6VRSePQgn0WgNKVyLVLbrxm3kIokzXSA/8qA49Lc33+7H4/bw7f50fPeouKL
YwY8J+w8HA+L48Arjqfjt01GzoDHFSNhf+ga7OCw4+RGTgej3Ejou/4uMlUh88NeaLCdse/twuoK
tuuHud3DYSGy23VG5tg/HXYauU4lTMtcE5oShT6SO3QlUuCNbpCp/E7oJAFqQSERKTQhRjqxEB+X
wBoBIbHv1mdJ+awR8X7x1dJznciFpk2ID0lqIS6EYKGQzdo/GDfK2hc83uGXXJQBVwC3jW4NKrk1
WmQJSTdWno1JiCXlkgHXEBNONDLXxA0hTfgvlFr354JGUigx1+gLRSHQ5kBO6FTXo89oCgyWjb5P
ErAievEZhYI1GhySWxsCPAbWaIQw6y68h4WGtFkVpKwMOQedNAq5XsrIunFKS+AxYQKNZkSpRvAn
ubQkfQBGd2TWBVumNkRqetMIOQchypChuBkkkGbNuihPyqA/1Y0QDNCl0M3+CXsNm3PBKPDdGfWZ
Ev2dxelvGif1yWiuLKTdQjd6n+mHlD+pHzI6lVUVr/3wp+qHp5I214VqF9wJ+I/2viEs+CXhyWvr
e219r63vZ2p9OyvSNzY8u7kV28jVFvFx15ju2jTOKWPXesnIubL7pBKMzsaUscfRYjznW+9ns2TA
Sq4VntRgj+EolpAPIin0P1Qn1wlkJMDu2p3VPGX5sh5FmVABdqzpTU5V5xWvuSjXxSTffg1l84G+
ELNinld5X2UJXdmtuNsy/m6V4BnT+5LhHb6UDLdg3JMO13+iDn8POoqRSpqZh0PKEfA4wG63XahD
KgJGZiZNK0m+SuefL8dVAjPykOTu06LqevvODvOia386+t5L6dhHlpeFdJ4qxH+RNHd2pXneaWqa
hqHltZ2EcXQX4L7f9jGKIAvwnIHGKEqzWYCVabDAYh7gSNvh29aEnh78Sui3RLQSeKdu2tawb2l3
OW0mlR6CSgrifFY1uozXhKrtd8wted5YtZ5bhddzf1UVxVlNhpP5nES6NstLlyqmiyt19V4sNJHX
yewOTdlCXsEswKY8OBjNqNIBbq9OZIBNTuRndmepr0zV3y1qCljxywnLEnjoq73t9aag21wRa/+r
d6FG8uNwJUbPFTvvB8auoVa/xu5lY/dQOwgn3mwjEBGkRAIyxSHAQupExBKyhEZjKbiukyiFRgy0
CQBi5hd6ExlyW2mcK38K/g2zjMaJvqIxkjQOsE4kIZf6Id7fZtV96N81tldGNirkZixMhLKa8EzJ
LWETU8y75jZhlKya02bdtfBbErYybNfWaTz+3+5Fi9X3gzY/loTC8r5kNO3hSg9i/ZdSu+eH+aI/
7xbS9p/xYT4DnSDzJ8ARlRF7fL2znmKe1yfiikQarV98IB3gP4pNGjJlvvg2DbBbDG6scGPiV9kB
P6Zkz/mVX4+Ucs17aq7tQ8gz5Jpfk2o16/tpmWbG6vpFvjldvfM0Q2Zg4z/bzBPQ9CuJ9JDMYcG0
yj0wT0z3WsJg9b8350q3Tg7WDCcH/wJQSwMEFAAAAAgAXJPGXC+dmk1tAgAAeAUAABgAAAB4bC93
b3Jrc2hlZXRzL3NoZWV0MS54bWyNlMFu2kAQhl9ltefEBgc7BNmWCqhqq0ZCQW3PG7yAFdvr7i4h
vZHkWimVcmhVVamUQ88ogSYiDX2F8RtVa8CBCKPeZtb7z3z/WjN2n/Ej0aVUopMwiISDu1LGFV0X
rS4NidBYTKOTMGgzHhIpNMY7uog5JV4qCgPdKBQsPSR+hF07PWtw12Y9GfgRbXAkemFI+KcqDVjf
wUW8ODjwO12ZHuiuHZMObVL5Lm5wlepZHc8PaSR8FiFO2w5+UazUy6kivfHep32xFCNl5pCxI5W8
9hxcUEw0oC2pSpCW9I9pjQaBqoSR+Dgvip+aKuVyvCj/MvXf4OiQCFpjwQffk10HlzHyaJv0AnnA
+q/o3JP5hFgnkrg2Z33ElVnXbqlAtZQO9iP1SE3JsWv7wrWlC19hCBMYwh2CvzCFh+Qz3MEUbmCY
nMEYHpKLCuoJym1durauRHrLtXXO+lkXI+ti5HX5AqNkAOPktILgVkPwA+7hMTmFyRZKzuFBQ/Az
GcA9/IFxMoBHGCYXWwhGGioaO1sIJnCjoZK5gaGUMZTyGK7ntgarZVJVNVf1C8aKZ42mlqv5rh5y
G25gukZWz5V9S85gCrcbXJqZSzOvyCUMYQS/YZycoSYJRS/qoH3m0WC7uM73rI4apWO3aOxZmmnZ
+vGyy5Ubq9/qm9Qr4FYGbv0P+Jvq2zm0sQ7aWmq7s1fQSrvPmK0NzFa+eAW5vECulXN/GFzDFVzC
VWXdf57J5hBWeVcr7DzrNJv62cSqjbRPeMePBApoWzq4oO2aGPHZiM8SyeJ0gx0yKVmYhl1KPMrV
BROjNmMyS9SKyZat+w9QSwMEFAAAAAgAXJPGXNIF8UZZAgAARwoAAA0AAAB4bC9zdHlsZXMueG1s
3VbbjpswEP0V5A9YkqCiuAIeihSpUluttPvQVxMMWPKF2mZF+vXV2CTZZHdYVX0rKGI8x2fmzHgQ
KZw/Sf40cO6TWUntSjJ4P35OU3ccuGLuwYxcz0p2xirm3YOxfepGy1nrgKRkutts8lQxoUlV6Ekd
lHfJ0Uzal2RDkrQqOqOvri2JjqrQTPHkhcmS1EyKxoq4mSkhT9G/C56jkcYmfuCKAx1c7nfcsF2W
IHWJpYQ2NnjTmCY8XFV0QsqLih2oEFJWxci851YfhJSRFLxvscV+Po28JL1lp+3u05Im7A0PVxWN
sS23N+VGV1VI3nlgWNEPwfBmhEdjvDcKrFaw3mgWlZxpi+Gq4silfILz+tndJJi7JDb+axt6DhWf
TSHlYsYwywISvA4Xg/973FG8GP9l8t7osP41Gc8fLe/EHNZzdyfgkjsouUl/8SYwKiX5ASMoX8Vo
JiG90MtqEG3L9dvqXFV41kh+m2BDkpZ3bJL++QKW5Gp/562YFL3seoTCll1X+xsc5Ta/zqmrCqFb
PvO2Xpa2b4KZ2L4pyWa5AuMeOoQLgVBWBBEIQDQXKgNlRR6a63+sa4/XFUFU4f59aI+z9jgr8t6F
6nCjuRAWpZQiJVOaZXmOtreu35dRoz3Mc/ghAVGFwEFzQba/7fzKAKyMzQezgZ7y6tigJa+MKFry
SucBQnoIHEqRAUBzAQc9FHSiQASSC0YNYWUZnDOqEH3NVyBKUQiGFJnePMcalcONnBf6EmUZpQgE
ICIjy1AIXtgVCJUBQlAoy+KH9O57lp6/c+n1r2P1B1BLAwQUAAAACABck8Zct0frisAAAAAWAgAA
CwAAAF9yZWxzLy5yZWxzndJLagMxDIDhqxjvO0pT6KJksuomu1JyAcXWPBjbErJK3dsHsmmm9EX2
4ueT0O6VEtrMpU6zVNdyKrX3k5k8AdQwUcbasVBpOQ2sGa12rCMIhgVHgu1m8wh63fD73XXTHT+E
/lPkYZgDPXN4y1Tsm/CXCe+OqCNZ71uCd9blxLx0LSfvDrH3eoj33sGNGPlxPchkGNEQAivdibKQ
2kz10xM5vChLvUysRNvbRX+fh5pRiRR/N6HIivRwIcHqDfZnUEsDBBQAAAAIAFyTxlwYG9o3QAEA
ACkCAAAPAAAAeGwvd29ya2Jvb2sueG1sjZBNTsNADIWvMpoDNCmCSlRNN1RAJQQVrdg7E6exOjOO
ZtwfeiFOwIZT9EhoEioqsWFl+9n6/OzJnsOmZN6og7M+jkOhG5F2nGXRNOggDrhFf3C25uBA4oDD
OuO6JoMzNluHXrKrPB9lAS0IsY8NtVH3tP+wYhsQqtggirM9ygF5PZ2cnS2Cyi4rFjRpU1KT8ka4
j78DqVQ7ilSSJXkvdJdb1MqRJ0dHrAqdaxUb3j9yoCN7Abs0ga0t9LBvvGEQMn/kZbK5gjJ2ikD5
mm4u9CjPtaopROkmOj4YoR2uoOyrrfA9WcEwA8GHwNuW/LrDZNNJdnFH94pzVB4cFvr0cfo8fSUP
iDKvej8CghfXhTFVhQ7z6gd55lRYk8fqGRzG1DBgzSKoFDrS1fXN8FaremvtHVjz4p8Y+g2Jcv7q
9BtQSwMEFAAAAAgAXJPGXDPr47qtAAAA+wEAABoAAAB4bC9fcmVscy93b3JrYm9vay54bWwucmVs
c7WRsQ6DMAxEfyXKB2CgUocKmLqwVvxABIYgEhLFrhr+vhIMgNShC5N1N7w7+YoXGsWjm0mPnkS0
ZqZSamb/AKBWo1WUOI9ztKZ3wSqmxIUBvGonNSDkaXqHcGTIqjgyRbN4/Ifo+n5s8enat8WZf4Dh
48JEGpGlaFQYkEsJ0ew2wXqyJFojRd2VMtRdJgVc1oh4MUh7nU2f8vMr81mjxT1+lZt5fsJtLQGn
rasvUEsDBBQAAAAIAFyTxlybhkKEGwEAANcDAAATAAAAW0NvbnRlbnRfVHlwZXNdLnhtbK2TwU4C
MRCGX2XTK9kOevBgWC7iVTn4ArWdZRvaTtMZcHl7s4uQaBAweGkPnfm/f/q3s7ddRq76GBI3qhPJ
jwBsO4yGNWVMfQwtlWiENZUVZGPXZoVwP50+gKUkmKSWQUPNZwtszSZI9dwLJvaUGlUwsKqe9oUD
q1Em5+CtEU8Jtsn9oNRfBF0wjDXc+cyTPgZVwUnEePQr4dD4usVSvMNqaYq8mIiNgj4Ayy4g6/Ma
J1xS23qLjuwmYhLNuaBx3CFKDHovOrmAlg4j7te7mw2MMmeJjuyyUGawVPDvvEMsQ3edC2Us4i8M
eUSanG+eEIfEHbpr4X2ADyrrMROGcbv9mr/nfNS/xsg70fq/39mw62h8OhqA8T/PPwFQSwECFAAU
AAAACABck8ZcRsdNSJcAAADNAAAAEAAAAAAAAAAAAAAAgAEAAAAAZG9jUHJvcHMvYXBwLnhtbFBL
AQIUABQAAAAIAFyTxlxskwxt7QAAAMsBAAARAAAAAAAAAAAAAACAAcUAAABkb2NQcm9wcy9jb3Jl
LnhtbFBLAQIUABQAAAAIAFyTxlyZXJwjCQYAAJwnAAATAAAAAAAAAAAAAACAAeEBAAB4bC90aGVt
ZS90aGVtZTEueG1sUEsBAhQAFAAAAAgAXJPGXC+dmk1tAgAAeAUAABgAAAAAAAAAAAAAALaBGwgA
AHhsL3dvcmtzaGVldHMvc2hlZXQxLnhtbFBLAQIUABQAAAAIAFyTxlzSBfFGWQIAAEcKAAANAAAA
AAAAAAAAAACAAb4KAAB4bC9zdHlsZXMueG1sUEsBAhQAFAAAAAgAXJPGXLdH64rAAAAAFgIAAAsA
AAAAAAAAAAAAAIABQg0AAF9yZWxzLy5yZWxzUEsBAhQAFAAAAAgAXJPGXBgb2jdAAQAAKQIAAA8A
AAAAAAAAAAAAAIABKw4AAHhsL3dvcmtib29rLnhtbFBLAQIUABQAAAAIAFyTxlwz6+O6rQAAAPsB
AAAaAAAAAAAAAAAAAACAAZgPAAB4bC9fcmVscy93b3JrYm9vay54bWwucmVsc1BLAQIUABQAAAAI
AFyTxlybhkKEGwEAANcDAAATAAAAAAAAAAAAAACAAX0QAABbQ29udGVudF9UeXBlc10ueG1sUEsF
BgAAAAAJAAkAPgIAAMkRAAAAAA==

--===============2878993834356808927==--

-------------------------------------------------------------------------------
