MIME-Version: 1.0
Content-Type: multipart/mixed; boundary="===============7076952442964965096=="
Subject: =?utf-8?b?0JLQsNGIINC30LDQutCw0Lcg0LIgUG9ydGF0aXZlIFNob3Ag0YPRgdC/?=
 =?utf-8?b?0LXRiNC90L4g0L7RhNC+0YDQvNC70LXQvSE=?=
From: shop@portative.by
To: user_1@example.com
Date: Sat, 06 Jun 2026 12:17:55 +0000
Message-ID: <178074827566.14276.14209327737196117519@HomePC>

--===============7076952442964965096==
Content-Type: text/plain; charset="utf-8"
Content-Transfer-Encoding: base64

0JfQtNGA0LDQstGB0YLQstGD0LnRgtC1LCB1c2VyXzEhCgrQkdC70LDQs9C+0LTQsNGA0LjQvCDQ
t9CwINC30LDQutCw0Lcg0LIg0L3QsNGI0LXQvCDQvNCw0LPQsNC30LjQvdC1INC/0L7RgNGC0LDR
gtC40LLQvdGL0YUg0LPQsNC00LbQtdGC0L7Qsi4K0JTQtdGC0LDQu9C40LfQuNGA0L7QstCw0L3Q
vdGL0Lkg0YLQvtCy0LDRgNC90YvQuSDRh9C10Log0L3QsNGF0L7QtNC40YLRgdGPINCy0L4g0LLQ
u9C+0LbQtdC90LjQuCDQuiDRjdGC0L7QvNGDINC/0LjRgdGM0LzRgy4KCtCh0LvRg9C20LHQsCDQ
v9C+0LTQtNC10YDQttC60LggUG9ydGF0aXZlIFNob3AuCg==

--===============7076952442964965096==
Content-Type: application/vnd.openxmlformats-officedocument.spreadsheetml.sheet
Content-Transfer-Encoding: base64
Content-Disposition: attachment; filename="receipt_order_7.xlsx"
MIME-Version: 1.0

UEsDBBQAAAAIADt6xlxGx01IlwAAAM0AAAAQAAAAZG9jUHJvcHMvYXBwLnhtbE2PTQvCMBBE/0ro
3aS16EFiQdSj6Ml7TDc2kGSXZIX476WCH7cZhvdg9CUjQWYPRdQYUtk2EzNtlCp2gmiKRIJUY3CY
o+EiMd8VOuctHNA+IiRWy7ZdK6gMaYRxQV9hM+gdUfDWsMc0nLzNWNCxOFYLQewxkmF/CyCUOBMk
etYgetnJlVb/4Gy5Qi5z7mX3Hj9dq9+B4QVQSwMEFAAAAAgAO3rGXKBr+LLqAAAAywEAABEAAABk
b2NQcm9wcy9jb3JlLnhtbKXRwWoDIRAG4FcJe98dNSQFMV5aekqg0EBLb6KTRLquolN28/Zlt8mm
pb0VPM388zmisknamPEpx4SZPJbFENquSJs21YkoSYBiTxhMaWLCbgjtIeZgqDQxHyEZ+26OCIKx
NQQk4wwZGME6zWJ1IZ2dyfSR2wlwFrDFgB0V4A2HW5Ywh/LnwNSZk0Pxc6rv+6ZfTjnBGIfX3fZ5
Wr72XSHTWay0clbajIZi1uOL0nloFXwrqsvdXwV0i6F4SeeEm+raeVneP+wfKy2YWNdsPHsuJL+T
q9XbaP2Yv4EhOn/w/xCvgFbw69/0J1BLAwQUAAAACAA7esZcmVycIwkGAACcJwAAEwAAAHhsL3Ro
ZW1lL3RoZW1lMS54bWztWt9T2zgQfuev0Ohm7u0aO45DQjEdnB/lrtAykOtNHzeOYqvIkkdSgPz3
N7JJsBzHoZ1Q2jvygGNZ37f7rVe7lsPxu/uUoVsiFRU8wO4bB787OTiGI52QlKD7lHF1BAFOtM6O
Wi0VJSQF9UZkhN+nbC5kClq9ETJuzSTcUR6nrNV2nG4rBcox4pCSAH+az2lE0MRQ4pMDhFb8I0ZS
wrUyY/loxOS1MUEsZI55mDG7cVdn+blaqgGT6BZYgO8on4m7CbnXGDFQesBkgJ38g1trjpZFcgxH
TO+iLNGN849NVyLIPWzbdDKervnccad/OKx607a8aYCPRqPByK1aL8MhigivCipTdMY9N6x4UAGt
aRo8GTi+06ml2fTG207TD8PQ79fReBs0ne00PafbOW3X0XQ2aPyG2ISng0G3jsbfoOlupxkf9rud
Wpo16BiOEkb5zXYSk7XVRLMgx3A0F+ysmaXnOE6vkv02yoysl916Ic4F1ztWYgpfhRwLri3rDDTl
SC8zMoeIBHgA6VRSePQgn0WgNKVyLVLbrxm3kIokzXSA/8qA49Lc33+7H4/bw7f50fPeouKLYwY8
J+w8HA+L48Arjqfjt01GzoDHFSNhf+ga7OCw4+RGTgej3Ejou/4uMlUh88NeaLCdse/twuoKtuuH
ud3DYSGy23VG5tg/HXYauU4lTMtcE5oShT6SO3QlUuCNbpCp/E7oJAFqQSERKTQhRjqxEB+XwBoB
IbHv1mdJ+awR8X7x1dJznciFpk2ID0lqIS6EYKGQzdo/GDfK2hc83uGXXJQBVwC3jW4NKrk1WmQJ
STdWno1JiCXlkgHXEBNONDLXxA0hTfgvlFr354JGUigx1+gLRSHQ5kBO6FTXo89oCgyWjb5PErAi
evEZhYI1GhySWxsCPAbWaIQw6y68h4WGtFkVpKwMOQedNAq5XsrIunFKS+AxYQKNZkSpRvAnubQk
fQBGd2TWBVumNkRqetMIOQchypChuBkkkGbNuihPyqA/1Y0QDNCl0M3+CXsNm3PBKPDdGfWZEv2d
xelvGif1yWiuLKTdQjd6n+mHlD+pHzI6lVUVr/3wp+qHp5I214VqF9wJ+I/2viEs+CXhyWvre219
r63vZ2p9OyvSNzY8u7kV28jVFvFx15ju2jTOKWPXesnIubL7pBKMzsaUscfRYjznW+9ns2TASq4V
ntRgj+EolpAPIin0P1Qn1wlkJMDu2p3VPGX5sh5FmVABdqzpTU5V5xWvuSjXxSTffg1l84G+ELNi
nld5X2UJXdmtuNsy/m6V4BnT+5LhHb6UDLdg3JMO13+iDn8POoqRSpqZh0PKEfA4wG63XahDKgJG
ZiZNK0m+SuefL8dVAjPykOTu06LqevvODvOia386+t5L6dhHlpeFdJ4qxH+RNHd2pXneaWqahqHl
tZ2EcXQX4L7f9jGKIAvwnIHGKEqzWYCVabDAYh7gSNvh29aEnh78Sui3RLQSeKdu2tawb2l3OW0m
lR6CSgrifFY1uozXhKrtd8wted5YtZ5bhddzf1UVxVlNhpP5nES6NstLlyqmiyt19V4sNJHXyewO
TdlCXsEswKY8OBjNqNIBbq9OZIBNTuRndmepr0zV3y1qCljxywnLEnjoq73t9aag21wRa/+rd6FG
8uNwJUbPFTvvB8auoVa/xu5lY/dQOwgn3mwjEBGkRAIyxSHAQupExBKyhEZjKbiukyiFRgy0CQBi
5hd6ExlyW2mcK38K/g2zjMaJvqIxkjQOsE4kIZf6Id7fZtV96N81tldGNirkZixMhLKa8EzJLWET
U8y75jZhlKya02bdtfBbErYybNfWaTz+3+5Fi9X3gzY/loTC8r5kNO3hSg9i/ZdSu+eH+aI/7xbS
9p/xYT4DnSDzJ8ARlRF7fL2znmKe1yfiikQarV98IB3gP4pNGjJlvvg2DbBbDG6scGPiV9kBP6Zk
z/mVX4+Ucs17aq7tQ8gz5Jpfk2o16/tpmWbG6vpFvjldvfM0Q2Zg4z/bzBPQ9CuJ9JDMYcG0yj0w
T0z3WsJg9b8350q3Tg7WDCcH/wJQSwMEFAAAAAgAO3rGXHRFRm67AgAA3gUAABgAAAB4bC93b3Jr
c2hlZXRzL3NoZWV0MS54bWyNVE1P20AQ/Ssrn6ntmCSEyLFUgqq2KhIC9eNWmWSTWNjedL0QeiPh
0EulRqWICqogcWgvlUhDaFEo+Q3P/6haG0yCYtSLPbMz782bsXfMFuObQYNSQXY81w9KSkOIZlHT
gkqDenagsib1dzy3xrhni0BlvK4FTU7tagTyXM3Q9bzm2Y6vWGZ0tsotk20J1/HpKifBlufZ/P0S
dVmrpGSU24M1p94Q0YFmmU27TtepeNlc5dLVEp6q41E/cJhPOK2VlMeZ4nIhQkQZrxzaCiZsIpvZ
YGxTOs+qJUWXmqhLK0JS2BXhbNMydV3JpJDg3Q2pcldUIiftW/onUf+rnGzYAS0z97VTFY2SUlBI
ldbsLVessdZTetNT7k7isi1sy+SsRbhs1jIr0pAlRUlxfDmkdcEVy3QCyxQWfuAARwSH6OIIXfkm
+IJjnBGcoIdj/MQheviMLk5xIANFshVQ/jZjasIyNUmjVSxT46yV1DWSukZa3S6G4S4uwjbBEOOw
HXbQxwAjXBYJzlWCb7jEddjGaI6Ee7hSCc4wCvfwC32CI4xxhX7YRn+OYKgSozBHMMJAJRn9IWXZ
RFk2TdkpxhigH+5O00SopVTUd1zgWkr7Ix8XGKoz4OVUeNzQZfhBjiTsYIDxDPxyKv5r2MEY5zfS
P5GIZIxL/I2HG358YCi5ZCi5NP599DHEb1yEHfJ86QVZYVXqPjKMWTOKSeT13LYyGSOr5udNbXty
DJMZxnRseSpmZBdVI59kTKnOJ6rz/6P6jWMzz7kRnpmfJTw/UXphUVcL92RPxjP3ZKdjp0QXbkWX
C6mfEqfoYR89Ii9mDyc4ji9fcdYfEdPEdef1rK7q98cV75Z4L8i9t2LzuuMHxKU1UVJ0dSGnEB4v
ktgRrBntyQ0mBPMis0HtKuUyIaeQGmMiceQiS1a69Q9QSwMEFAAAAAgAO3rGXNIF8UZZAgAARwoA
AA0AAAB4bC9zdHlsZXMueG1s3VbbjpswEP0V5A9YkqCiuAIeihSpUluttPvQVxMMWPKF2mZF+vXV
2CTZZHdYVX0rKGI8x2fmzHgQKZw/Sf40cO6TWUntSjJ4P35OU3ccuGLuwYxcz0p2xirm3YOxfepG
y1nrgKRkutts8lQxoUlV6EkdlHfJ0Uzal2RDkrQqOqOvri2JjqrQTPHkhcmS1EyKxoq4mSkhT9G/
C56jkcYmfuCKAx1c7nfcsF2WIHWJpYQ2NnjTmCY8XFV0QsqLih2oEFJWxci851YfhJSRFLxvscV+
Po28JL1lp+3u05Im7A0PVxWNsS23N+VGV1VI3nlgWNEPwfBmhEdjvDcKrFaw3mgWlZxpi+Gq4sil
fILz+tndJJi7JDb+axt6DhWfTSHlYsYwywISvA4Xg/973FG8GP9l8t7osP41Gc8fLe/EHNZzdyfg
kjsouUl/8SYwKiX5ASMoX8VoJiG90MtqEG3L9dvqXFV41kh+m2BDkpZ3bJL++QKW5Gp/562YFL3s
eoTCll1X+xsc5Ta/zqmrCqFbPvO2Xpa2b4KZ2L4pyWa5AuMeOoQLgVBWBBEIQDQXKgNlRR6a63+s
a4/XFUFU4f59aI+z9jgr8t6F6nCjuRAWpZQiJVOaZXmOtreu35dRoz3Mc/ghAVGFwEFzQba/7fzK
AKyMzQezgZ7y6tigJa+MKFrySucBQnoIHEqRAUBzAQc9FHSiQASSC0YNYWUZnDOqEH3NVyBKUQiG
FJnePMcalcONnBf6EmUZpQgEICIjy1AIXtgVCJUBQlAoy+KH9O57lp6/c+n1r2P1B1BLAwQUAAAA
CAA7esZct0frisAAAAAWAgAACwAAAF9yZWxzLy5yZWxzndJLagMxDIDhqxjvO0pT6KJksuomu1Jy
AcXWPBjbErJK3dsHsmmm9EX24ueT0O6VEtrMpU6zVNdyKrX3k5k8AdQwUcbasVBpOQ2sGa12rCMI
hgVHgu1m8wh63fD73XXTHT+E/lPkYZgDPXN4y1Tsm/CXCe+OqCNZ71uCd9blxLx0LSfvDrH3eoj3
3sGNGPlxPchkGNEQAivdibKQ2kz10xM5vChLvUysRNvbRX+fh5pRiRR/N6HIivRwIcHqDfZnUEsD
BBQAAAAIADt6xlwazH/oSgEAADYCAAAPAAAAeGwvd29ya2Jvb2sueG1sjZDPSgNBDMZfZZgHcLei
BUu3F8U/IFqseM/OZruhM5NlJrW1L+S1FxF8in0kmV2LBS+eknwJv3zJdMNhVTKv1NZZHyeh0I1I
O8myaBp0EE+4Rb91tubgQOIJh2XGdU0Gr9isHXrJTvN8nAW0IMQ+NtRGPdD+w4ptQKhigyjODigH
5PVsenA2Dyo7rljQpE1JTcoL4Sb+DqRSvVKkkizJW6H73KJWjjw52mFV6Fyr2PDmlgPt2AvYhQls
baFHQ+MFg5D5Iy+SzWcoY68IlE/p5kKP81yrmkKUfqLngxF6xWcoh2otfE1WMFyB4E3gdUt+2WOy
2TQ7uqN/xSEqDw4L3b13H92X6j67fffV7VNMhhDlrhrMCQgenRomVBU63FU//AO0wpo8Vg/gMKaG
AWvmQaXQk07PzkcXWtVray/Bmkd/zzBsSJTDi2ffUEsDBBQAAAAIADt6xlwz6+O6rQAAAPsBAAAa
AAAAeGwvX3JlbHMvd29ya2Jvb2sueG1sLnJlbHO1kbEOgzAMRH8lygdgoFKHCpi6sFb8QASGIBIS
xa4a/r4SDIDUoQuTdTe8O/mKFxrFo5tJj55EtGamUmpm/wCgVqNVlDiPc7Smd8EqpsSFAbxqJzUg
5Gl6h3BkyKo4MkWzePyH6Pp+bPHp2rfFmX+A4ePCRBqRpWhUGJBLCdHsNsF6siRaI0XdlTLUXSYF
XNaIeDFIe51Nn/LzK/NZo8U9fpWbeX7CbS0Bp62rL1BLAwQUAAAACAA7esZcm4ZChBsBAADXAwAA
EwAAAFtDb250ZW50X1R5cGVzXS54bWytk8FOAjEQhl9l0yvZDnrwYFgu4lU5+AK1nWUb2k7TGXB5
e7OLkGgQMHhpD535v3/6t7O3XUau+hgSN6oTyY8AbDuMhjVlTH0MLZVohDWVFWRj12aFcD+dPoCl
JJiklkFDzWcLbM0mSPXcCyb2lBpVMLCqnvaFA6tRJufgrRFPCbbJ/aDUXwRdMIw13PnMkz4GVcFJ
xHj0K+HQ+LrFUrzDammKvJiIjYI+AMsuIOvzGidcUtt6i47sJmISzbmgcdwhSgx6Lzq5gJYOI+7X
u5sNjDJniY7sslBmsFTw77xDLEN3nQtlLOIvDHlEmpxvnhCHxB26a+F9gA8q6zEThnG7/Zq/53zU
v8bIO9H6v9/ZsOtofDoagPE/zz8BUEsBAhQAFAAAAAgAO3rGXEbHTUiXAAAAzQAAABAAAAAAAAAA
AAAAAIABAAAAAGRvY1Byb3BzL2FwcC54bWxQSwECFAAUAAAACAA7esZcoGv4suoAAADLAQAAEQAA
AAAAAAAAAAAAgAHFAAAAZG9jUHJvcHMvY29yZS54bWxQSwECFAAUAAAACAA7esZcmVycIwkGAACc
JwAAEwAAAAAAAAAAAAAAgAHeAQAAeGwvdGhlbWUvdGhlbWUxLnhtbFBLAQIUABQAAAAIADt6xlx0
RUZuuwIAAN4FAAAYAAAAAAAAAAAAAAC2gRgIAAB4bC93b3Jrc2hlZXRzL3NoZWV0MS54bWxQSwEC
FAAUAAAACAA7esZc0gXxRlkCAABHCgAADQAAAAAAAAAAAAAAgAEJCwAAeGwvc3R5bGVzLnhtbFBL
AQIUABQAAAAIADt6xly3R+uKwAAAABYCAAALAAAAAAAAAAAAAACAAY0NAABfcmVscy8ucmVsc1BL
AQIUABQAAAAIADt6xlwazH/oSgEAADYCAAAPAAAAAAAAAAAAAACAAXYOAAB4bC93b3JrYm9vay54
bWxQSwECFAAUAAAACAA7esZcM+vjuq0AAAD7AQAAGgAAAAAAAAAAAAAAgAHtDwAAeGwvX3JlbHMv
d29ya2Jvb2sueG1sLnJlbHNQSwECFAAUAAAACAA7esZcm4ZChBsBAADXAwAAEwAAAAAAAAAAAAAA
gAHSEAAAW0NvbnRlbnRfVHlwZXNdLnhtbFBLBQYAAAAACQAJAD4CAAAeEgAAAAA=

--===============7076952442964965096==--

-------------------------------------------------------------------------------
