MIME-Version: 1.0
Content-Type: multipart/mixed; boundary="===============7512016802739416763=="
Subject: =?utf-8?b?0JLQsNGIINGH0LXQuiDQvtGCIFBvcnRhdGl2ZSBTaG9wICjQl9Cw0Lo=?=
 =?utf-8?q?=D0=B0=D0=B7?= #1)
From: shop@portative.by
To: ivandavidovski09@gmail.com
Date: Sun, 07 Jun 2026 08:12:09 +0000
Message-ID: <178081992990.15632.9674984745557042148@HomePC>

--===============7512016802739416763==
Content-Type: text/plain; charset="utf-8"
Content-Transfer-Encoding: base64

0JfQtNGA0LDQstGB0YLQstGD0LnRgtC1LCB1c2VyISDQktCw0Ygg0YfQtdC6INC90LDRhdC+0LTQ
uNGC0YHRjyDQstC+INCy0LvQvtC20LXQvdC40LguCg==

--===============7512016802739416763==
Content-Type: application/vnd.openxmlformats-officedocument.spreadsheetml.sheet
Content-Transfer-Encoding: base64
Content-Disposition: attachment; filename="receipt_1.xlsx"
MIME-Version: 1.0

UEsDBBQAAAAIAIRZx1xGx01IlwAAAM0AAAAQAAAAZG9jUHJvcHMvYXBwLnhtbE2PTQvCMBBE/0ro
3aS16EFiQdSj6Ml7TDc2kGSXZIX476WCH7cZhvdg9CUjQWYPRdQYUtk2EzNtlCp2gmiKRIJUY3CY
o+EiMd8VOuctHNA+IiRWy7ZdK6gMaYRxQV9hM+gdUfDWsMc0nLzNWNCxOFYLQewxkmF/CyCUOBMk
etYgetnJlVb/4Gy5Qi5z7mX3Hj9dq9+B4QVQSwMEFAAAAAgAhFnHXGqjm3LrAAAAywEAABEAAABk
b2NQcm9wcy9jb3JlLnhtbKXRwU7DMAwG4FeZem+dZlKBqOsFxAkkJCaBuEWJt0U0jZUYNXt71LJ1
ILhxtX9/dpTWkDIh4lMMhJEdplX2/ZCUoU1xYCYFkMwBvU5VIByy73ches2pCnEPpM273iNIIRrw
yNpq1jCBJS1icSKtWUj6iP0MWAPYo8eBE9RVDZcsY/Tpz4G5syRzcktqHMdqXM85KUQNr48Pz/Px
pRsS68Fg0bXWKBNRc4jd9CI65r6Fb8X2tPurgHaVk1N8JNwU587L+vZue190UsimFE0prrbiWtVS
iZu3yfoxfwF9sG7n/iGega6FX//WfQJQSwMEFAAAAAgAhFnHXJlcnCMJBgAAnCcAABMAAAB4bC90
aGVtZS90aGVtZTEueG1s7VrfU9s4EH7nr9DoZu7tGjuOQ0IxHZwf5a7QMpDrTR83jmKryJJHUoD8
9zeySbAcx6GdUNo78oBjWd+3+61Xu5bD8bv7lKFbIhUVPMDuGwe/Ozk4hiOdkJSg+5RxdQQBTrTO
jlotFSUkBfVGZITfp2wuZApavREybs0k3FEep6zVdpxuKwXKMeKQkgB/ms9pRNDEUOKTA4RW/CNG
UsK1MmP5aMTktTFBLGSOeZgxu3FXZ/m5WqoBk+gWWIDvKJ+Juwm51xgxUHrAZICd/INba46WRXIM
R0zvoizRjfOPTVciyD1s23Qynq753HGnfzisetO2vGmAj0ajwcitWi/DIYoIrwoqU3TGPTeseFAB
rWkaPBk4vtOppdn0xttO0w/D0O/X0XgbNJ3tND2n2zlt19F0Nmj8htiEp4NBt47G36DpbqcZH/a7
nVqaNegYjhJG+c12EpO11USzIMdwNBfsrJml5zhOr5L9NsqMrJfdeiHOBdc7VmIKX4UcC64t6ww0
5UgvMzKHiAR4AOlUUnj0IJ9FoDSlci1S268Zt5CKJM10gP/KgOPS3N9/ux+P28O3+dHz3qLii2MG
PCfsPBwPi+PAK46n47dNRs6AxxUjYX/oGuzgsOPkRk4Ho9xI6Lv+LjJVIfPDXmiwnbHv7cLqCrbr
h7ndw2Ehstt1RubYPx12GrlOJUzLXBOaEoU+kjt0JVLgjW6QqfxO6CQBakEhESk0IUY6sRAfl8Aa
ASGx79ZnSfmsEfF+8dXSc53IhaZNiA9JaiEuhGChkM3aPxg3ytoXPN7hl1yUAVcAt41uDSq5NVpk
CUk3Vp6NSYgl5ZIB1xATTjQy18QNIU34L5Ra9+eCRlIoMdfoC0Uh0OZATuhU16PPaAoMlo2+TxKw
InrxGYWCNRocklsbAjwG1miEMOsuvIeFhrRZFaSsDDkHnTQKuV7KyLpxSkvgMWECjWZEqUbwJ7m0
JH0ARndk1gVbpjZEanrTCDkHIcqQobgZJJBmzbooT8qgP9WNEAzQpdDN/gl7DZtzwSjw3Rn1mRL9
ncXpbxon9cloriyk3UI3ep/ph5Q/qR8yOpVVFa/98Kfqh6eSNteFahfcCfiP9r4hLPgl4clr63tt
fa+t72dqfTsr0jc2PLu5FdvI1RbxcdeY7to0zilj13rJyLmy+6QSjM7GlLHH0WI851vvZ7NkwEqu
FZ7UYI/hKJaQDyIp9D9UJ9cJZCTA7tqd1Txl+bIeRZlQAXas6U1OVecVr7ko18Uk334NZfOBvhCz
Yp5XeV9lCV3ZrbjbMv5uleAZ0/uS4R2+lAy3YNyTDtd/og5/DzqKkUqamYdDyhHwOMBut12oQyoC
RmYmTStJvkrnny/HVQIz8pDk7tOi6nr7zg7zomt/OvreS+nYR5aXhXSeKsR/kTR3dqV53mlqmoah
5bWdhHF0F+C+3/YxiiAL8JyBxihKs1mAlWmwwGIe4Ejb4dvWhJ4e/Erot0S0EninbtrWsG9pdzlt
JpUegkoK4nxWNbqM14Sq7XfMLXneWLWeW4XXc39VFcVZTYaT+ZxEujbLS5cqposrdfVeLDSR18ns
Dk3ZQl7BLMCmPDgYzajSAW6vTmSATU7kZ3Znqa9M1d8tagpY8csJyxJ46Ku97fWmoNtcEWv/q3eh
RvLjcCVGzxU77wfGrqFWv8buZWP3UDsIJ95sIxARpEQCMsUhwELqRMQSsoRGYym4rpMohUYMtAkA
YuYXehMZcltpnCt/Cv4Ns4zGib6iMZI0DrBOJCGX+iHe32bVfejfNbZXRjYq5GYsTISymvBMyS1h
E1PMu+Y2YZSsmtNm3bXwWxK2MmzX1mk8/t/uRYvV94M2P5aEwvK+ZDTt4UoPYv2XUrvnh/miP+8W
0vaf8WE+A50g8yfAEZURe3y9s55intcn4opEGq1ffCAd4D+KTRoyZb74Ng2wWwxurHBj4lfZAT+m
ZM/5lV+PlHLNe2qu7UPIM+SaX5NqNev7aZlmxur6Rb45Xb3zNENmYOM/28wT0PQrifSQzGHBtMo9
ME9M91rCYPW/N+dKt04O1gwnB/8CUEsDBBQAAAAIAIRZx1ypU87NZgIAAFsFAAAYAAAAeGwvd29y
a3NoZWV0cy9zaGVldDEueG1sfVTBTttAEP2V0fYKthPiNES2pZKopQekiKil102ySSxsb7q7IXAL
cK1EpR5aVRWVOPQcBSIQlPQXxn9UrQ0maWNuM7P75r23qxlnxMW+7DOm4DAMIumSvlKDqmnKdp+F
VBp8wKLDMOhyEVIlDS56phwIRjsJKAzMomWVzZD6EfGcpNYQnsOHKvAj1hAgh2FIxdEWC/jIJQXy
WNj1e32VFEzPGdAeazL1btAQOjWzPh0/ZJH0eQSCdV3yqlCtVxJEcuO9z0ZyIQZtpsX5vk7edlxi
aU0sYG2lW9C28g9YjQWB7kRAfnxoSp5INXIxfmz/OvHfENCiktV4sOd3VN8lFQId1qXDQO3y0TZ7
8GQ/SaxTRT1H8BEIbdZz2jrQlMolfqQfqakE8Rxfeo7y8CtO8BYneA0vCoB/cI538Se8xjlOcRKf
4Azv4rMqDCUTjqk8x9Q4s+05puCjjKiYERXziD7jVTzGWXxcBbw0AH/gDd7Hx3i7BvEp3hmAP+Mx
3uBvnMVjvMdJfLYGeGVAobixBniLUwNK9jMaSpmGUp6Giwdb4+U2CWorF/ULZ1rPCkwtF/NdP+Q6
TnG+AlbPhX2LT3COl8+4tDOXdk6TJo+OYG97vWBZ1ocde5XVFKoH6MArFDc3HfNg0dXS8fJZPRe6
pLKcqSznqaShHEY9eEMDengEzWJpldDyAtuG/Z/Q8jNCy3nQJaGVR6G1Su6f4AWe4xc8r676yhSW
0pQqm5V/aNLBTodSL50dKnp+JCFgXeUSy3hpExDpFKeJ4oNkSbW4UjxMwj6jHSb0BZtAl3OVJXqL
ZPvU+wtQSwMEFAAAAAgAhFnHXNIF8UZZAgAARwoAAA0AAAB4bC9zdHlsZXMueG1s3VbbjpswEP0V
5A9YkqCiuAIeihSpUluttPvQVxMMWPKF2mZF+vXV2CTZZHdYVX0rKGI8x2fmzHgQKZw/Sf40cO6T
WUntSjJ4P35OU3ccuGLuwYxcz0p2xirm3YOxfepGy1nrgKRkutts8lQxoUlV6EkdlHfJ0Uzal2RD
krQqOqOvri2JjqrQTPHkhcmS1EyKxoq4mSkhT9G/C56jkcYmfuCKAx1c7nfcsF2WIHWJpYQ2NnjT
mCY8XFV0QsqLih2oEFJWxci851YfhJSRFLxvscV+Po28JL1lp+3u05Im7A0PVxWNsS23N+VGV1VI
3nlgWNEPwfBmhEdjvDcKrFaw3mgWlZxpi+Gq4silfILz+tndJJi7JDb+axt6DhWfTSHlYsYwywIS
vA4Xg/973FG8GP9l8t7osP41Gc8fLe/EHNZzdyfgkjsouUl/8SYwKiX5ASMoX8VoJiG90MtqEG3L
9dvqXFV41kh+m2BDkpZ3bJL++QKW5Gp/562YFL3seoTCll1X+xsc5Ta/zqmrCqFbPvO2Xpa2b4KZ
2L4pyWa5AuMeOoQLgVBWBBEIQDQXKgNlRR6a63+sa4/XFUFU4f59aI+z9jgr8t6F6nCjuRAWpZQi
JVOaZXmOtreu35dRoz3Mc/ghAVGFwEFzQba/7fzKAKyMzQezgZ7y6tigJa+MKFrySucBQnoIHEqR
AUBzAQc9FHSiQASSC0YNYWUZnDOqEH3NVyBKUQiGFJnePMcalcONnBf6EmUZpQgEICIjy1AIXtgV
CJUBQlAoy+KH9O57lp6/c+n1r2P1B1BLAwQUAAAACACEWcdct0frisAAAAAWAgAACwAAAF9yZWxz
Ly5yZWxzndJLagMxDIDhqxjvO0pT6KJksuomu1JyAcXWPBjbErJK3dsHsmmm9EX24ueT0O6VEtrM
pU6zVNdyKrX3k5k8AdQwUcbasVBpOQ2sGa12rCMIhgVHgu1m8wh63fD73XXTHT+E/lPkYZgDPXN4
y1Tsm/CXCe+OqCNZ71uCd9blxLx0LSfvDrH3eoj33sGNGPlxPchkGNEQAivdibKQ2kz10xM5vChL
vUysRNvbRX+fh5pRiRR/N6HIivRwIcHqDfZnUEsDBBQAAAAIAIRZx1wYG9o3QAEAACkCAAAPAAAA
eGwvd29ya2Jvb2sueG1sjZBNTsNADIWvMpoDNCmCSlRNN1RAJQQVrdg7E6exOjOOZtwfeiFOwIZT
9EhoEioqsWFl+9n6/OzJnsOmZN6og7M+jkOhG5F2nGXRNOggDrhFf3C25uBA4oDDOuO6JoMzNluH
XrKrPB9lAS0IsY8NtVH3tP+wYhsQqtggirM9ygF5PZ2cnS2Cyi4rFjRpU1KT8ka4j78DqVQ7ilSS
JXkvdJdb1MqRJ0dHrAqdaxUb3j9yoCN7Abs0ga0t9LBvvGEQMn/kZbK5gjJ2ikD5mm4u9CjPtaop
ROkmOj4YoR2uoOyrrfA9WcEwA8GHwNuW/LrDZNNJdnFH94pzVB4cFvr0cfo8fSUPiDKvej8CghfX
hTFVhQ7z6gd55lRYk8fqGRzG1DBgzSKoFDrS1fXN8FaremvtHVjz4p8Y+g2Jcv7q9BtQSwMEFAAA
AAgAhFnHXDPr47qtAAAA+wEAABoAAAB4bC9fcmVscy93b3JrYm9vay54bWwucmVsc7WRsQ6DMAxE
fyXKB2CgUocKmLqwVvxABIYgEhLFrhr+vhIMgNShC5N1N7w7+YoXGsWjm0mPnkS0ZqZSamb/AKBW
o1WUOI9ztKZ3wSqmxIUBvGonNSDkaXqHcGTIqjgyRbN4/Ifo+n5s8enat8WZf4Dh48JEGpGlaFQY
kEsJ0ew2wXqyJFojRd2VMtRdJgVc1oh4MUh7nU2f8vMr81mjxT1+lZt5fsJtLQGnrasvUEsDBBQA
AAAIAIRZx1ybhkKEGwEAANcDAAATAAAAW0NvbnRlbnRfVHlwZXNdLnhtbK2TwU4CMRCGX2XTK9kO
evBgWC7iVTn4ArWdZRvaTtMZcHl7s4uQaBAweGkPnfm/f/q3s7ddRq76GBI3qhPJjwBsO4yGNWVM
fQwtlWiENZUVZGPXZoVwP50+gKUkmKSWQUPNZwtszSZI9dwLJvaUGlUwsKqe9oUDq1Em5+CtEU8J
tsn9oNRfBF0wjDXc+cyTPgZVwUnEePQr4dD4usVSvMNqaYq8mIiNgj4Ayy4g6/MaJ1xS23qLjuwm
YhLNuaBx3CFKDHovOrmAlg4j7te7mw2MMmeJjuyyUGawVPDvvEMsQ3edC2Us4i8MeUSanG+eEIfE
Hbpr4X2ADyrrMROGcbv9mr/nfNS/xsg70fq/39mw62h8OhqA8T/PPwFQSwECFAAUAAAACACEWcdc
RsdNSJcAAADNAAAAEAAAAAAAAAAAAAAAgAEAAAAAZG9jUHJvcHMvYXBwLnhtbFBLAQIUABQAAAAI
AIRZx1xqo5ty6wAAAMsBAAARAAAAAAAAAAAAAACAAcUAAABkb2NQcm9wcy9jb3JlLnhtbFBLAQIU
ABQAAAAIAIRZx1yZXJwjCQYAAJwnAAATAAAAAAAAAAAAAACAAd8BAAB4bC90aGVtZS90aGVtZTEu
eG1sUEsBAhQAFAAAAAgAhFnHXKlTzs1mAgAAWwUAABgAAAAAAAAAAAAAALaBGQgAAHhsL3dvcmtz
aGVldHMvc2hlZXQxLnhtbFBLAQIUABQAAAAIAIRZx1zSBfFGWQIAAEcKAAANAAAAAAAAAAAAAACA
AbUKAAB4bC9zdHlsZXMueG1sUEsBAhQAFAAAAAgAhFnHXLdH64rAAAAAFgIAAAsAAAAAAAAAAAAA
AIABOQ0AAF9yZWxzLy5yZWxzUEsBAhQAFAAAAAgAhFnHXBgb2jdAAQAAKQIAAA8AAAAAAAAAAAAA
AIABIg4AAHhsL3dvcmtib29rLnhtbFBLAQIUABQAAAAIAIRZx1wz6+O6rQAAAPsBAAAaAAAAAAAA
AAAAAACAAY8PAAB4bC9fcmVscy93b3JrYm9vay54bWwucmVsc1BLAQIUABQAAAAIAIRZx1ybhkKE
GwEAANcDAAATAAAAAAAAAAAAAACAAXQQAABbQ29udGVudF9UeXBlc10ueG1sUEsFBgAAAAAJAAkA
PgIAAMARAAAAAA==

--===============7512016802739416763==--

-------------------------------------------------------------------------------
