MIME-Version: 1.0
Content-Type: multipart/mixed; boundary="===============0672263016550835138=="
Subject: =?utf-8?b?0JLQsNGIINGH0LXQuiDQvtGC?= Portative Shop
From: shop@portative.by
To: user@example.com
Date: Sat, 06 Jun 2026 15:22:39 +0000
Message-ID: <178075935927.3260.17447524334325442545@HomePC>

--===============0672263016550835138==
Content-Type: text/plain; charset="utf-8"
Content-Transfer-Encoding: base64

0JfQtNGA0LDQstGB0YLQstGD0LnRgtC1LCB1c2VyISDQktCw0Ygg0YfQtdC6INC90LDRhdC+0LTQ
uNGC0YHRjyDQstC+INCy0LvQvtC20LXQvdC40LguCg==

--===============0672263016550835138==
Content-Type: application/vnd.openxmlformats-officedocument.spreadsheetml.sheet
Content-Transfer-Encoding: base64
Content-Disposition: attachment; filename="receipt_12.xlsx"
MIME-Version: 1.0

UEsDBBQAAAAIANOSxlxGx01IlwAAAM0AAAAQAAAAZG9jUHJvcHMvYXBwLnhtbE2PTQvCMBBE/0ro
3aS16EFiQdSj6Ml7TDc2kGSXZIX476WCH7cZhvdg9CUjQWYPRdQYUtk2EzNtlCp2gmiKRIJUY3CY
o+EiMd8VOuctHNA+IiRWy7ZdK6gMaYRxQV9hM+gdUfDWsMc0nLzNWNCxOFYLQewxkmF/CyCUOBMk
etYgetnJlVb/4Gy5Qi5z7mX3Hj9dq9+B4QVQSwMEFAAAAAgA05LGXM2GAvLqAAAAywEAABEAAABk
b2NQcm9wcy9jb3JlLnhtbKXRUUvDMBAH8K8y8t5emuLA0OVl4pOC4EDxLSS3Ldg0ITlp9u2ldesU
fRPydPe/Xy6kM1GakPAphYiJHOZV8f2QpYkbdiSKEiCbI3qd6xBxKL7fh+Q15TqkA0Rt3vUBQXC+
Bo+krSYNE1jFRWRn0pqFjB+pnwFrAHv0OFCGpm7gmiVMPv85MHeWZMluSY3jWI/tnBOcN/D6+PA8
L1+5IZMeDDLVWSNNQk0hqelF8VT6Dr4Vu/PdXwW0q5KdpFPEDbt0Xtrt3e6eKcHFuuLT2TU3UgjZ
3r5N1o/5K+iDdXv3D/ECqA5+/Zv6BFBLAwQUAAAACADTksZcmVycIwkGAACcJwAAEwAAAHhsL3Ro
ZW1lL3RoZW1lMS54bWztWt9T2zgQfuev0Ohm7u0aO45DQjEdnB/lrtAykOtNHzeOYqvIkkdSgPz3
N7JJsBzHoZ1Q2jvygGNZ37f7rVe7lsPxu/uUoVsiFRU8wO4bB787OTiGI52QlKD7lHF1BAFOtM6O
Wi0VJSQF9UZkhN+nbC5kClq9ETJuzSTcUR6nrNV2nG4rBcox4pCSAH+az2lE0MRQ4pMDhFb8I0ZS
wrUyY/loxOS1MUEsZI55mDG7cVdn+blaqgGT6BZYgO8on4m7CbnXGDFQesBkgJ38g1trjpZFcgxH
TO+iLNGN849NVyLIPWzbdDKervnccad/OKx607a8aYCPRqPByK1aL8MhigivCipTdMY9N6x4UAGt
aRo8GTi+06ml2fTG207TD8PQ79fReBs0ne00PafbOW3X0XQ2aPyG2ISng0G3jsbfoOlupxkf9rud
Wpo16BiOEkb5zXYSk7XVRLMgx3A0F+ysmaXnOE6vkv02yoysl916Ic4F1ztWYgpfhRwLri3rDDTl
SC8zMoeIBHgA6VRSePQgn0WgNKVyLVLbrxm3kIokzXSA/8qA49Lc33+7H4/bw7f50fPeouKLYwY8
J+w8HA+L48Arjqfjt01GzoDHFSNhf+ga7OCw4+RGTgej3Ejou/4uMlUh88NeaLCdse/twuoKtuuH
ud3DYSGy23VG5tg/HXYauU4lTMtcE5oShT6SO3QlUuCNbpCp/E7oJAFqQSERKTQhRjqxEB+XwBoB
IbHv1mdJ+awR8X7x1dJznciFpk2ID0lqIS6EYKGQzdo/GDfK2hc83uGXXJQBVwC3jW4NKrk1WmQJ
STdWno1JiCXlkgHXEBNONDLXxA0hTfgvlFr354JGUigx1+gLRSHQ5kBO6FTXo89oCgyWjb5PErAi
evEZhYI1GhySWxsCPAbWaIQw6y68h4WGtFkVpKwMOQedNAq5XsrIunFKS+AxYQKNZkSpRvAnubQk
fQBGd2TWBVumNkRqetMIOQchypChuBkkkGbNuihPyqA/1Y0QDNCl0M3+CXsNm3PBKPDdGfWZEv2d
xelvGif1yWiuLKTdQjd6n+mHlD+pHzI6lVUVr/3wp+qHp5I214VqF9wJ+I/2viEs+CXhyWvre219
r63vZ2p9OyvSNzY8u7kV28jVFvFx15ju2jTOKWPXesnIubL7pBKMzsaUscfRYjznW+9ns2TASq4V
ntRgj+EolpAPIin0P1Qn1wlkJMDu2p3VPGX5sh5FmVABdqzpTU5V5xWvuSjXxSTffg1l84G+ELNi
nld5X2UJXdmtuNsy/m6V4BnT+5LhHb6UDLdg3JMO13+iDn8POoqRSpqZh0PKEfA4wG63XahDKgJG
ZiZNK0m+SuefL8dVAjPykOTu06LqevvODvOia386+t5L6dhHlpeFdJ4qxH+RNHd2pXneaWqahqHl
tZ2EcXQX4L7f9jGKIAvwnIHGKEqzWYCVabDAYh7gSNvh29aEnh78Sui3RLQSeKdu2tawb2l3OW0m
lR6CSgrifFY1uozXhKrtd8wted5YtZ5bhddzf1UVxVlNhpP5nES6NstLlyqmiyt19V4sNJHXyewO
TdlCXsEswKY8OBjNqNIBbq9OZIBNTuRndmepr0zV3y1qCljxywnLEnjoq73t9aag21wRa/+rd6FG
8uNwJUbPFTvvB8auoVa/xu5lY/dQOwgn3mwjEBGkRAIyxSHAQupExBKyhEZjKbiukyiFRgy0CQBi
5hd6ExlyW2mcK38K/g2zjMaJvqIxkjQOsE4kIZf6Id7fZtV96N81tldGNirkZixMhLKa8EzJLWET
U8y75jZhlKya02bdtfBbErYybNfWaTz+3+5Fi9X3gzY/loTC8r5kNO3hSg9i/ZdSu+eH+aI/7xbS
9p/xYT4DnSDzJ8ARlRF7fL2znmKe1yfiikQarV98IB3gP4pNGjJlvvg2DbBbDG6scGPiV9kBP6Zk
z/mVX4+Ucs17aq7tQ8gz5Jpfk2o16/tpmWbG6vpFvjldvfM0Q2Zg4z/bzBPQ9CuJ9JDMYcG0yj0w
T0z3WsJg9b8350q3Tg7WDCcH/wJQSwMEFAAAAAgA05LGXLDJikBkAgAAdAUAABgAAAB4bC93b3Jr
c2hlZXRzL3NoZWV0MS54bWyNVE1v0zAY/iuWz1vS9CMrVRKJtkKAmFRt4uPqNW5rLYmL7a7jto8L
ByQmdgAhtMMOnKttZVOrlb/w5h8hJ222QlNxe1/bz5et186Qi33Zo1ShwzCIpIt7SvVrpinbPRoS
afA+jQ7DoMNFSJQ0uOiasi8o8RNQGJjFQsE2Q8Ii7DnJWkt4Dh+ogEW0JZAchCERH+o04EMXW3ix
sMO6PZUsmJ7TJ126S9Xrfkvo1sx4fBbSSDIeIUE7Ln5q1ZrVBJGceMPoUD6qkQ6zx/m+bl74Li5o
TzSgbaUpSFuxA9qgQaCZMJLv56T4QVQjH9cL+mdJ/pZAe0TSBg/eMl/1XFzFyKcdMgjUDh8+p/NM
lQeLTaKI5wg+REKH9Zy2LrSkcjGL9CXtKoE9h0nPUR58hRFMYAS3CH7DDKbxJ7iFGVzBKD6BMUzj
zzU0kFQ4pvIcU4PMtueYgg8zlWKmUsxTOYOb+AjG8XENwbWB4AfcwX18DJMNFJ/C1EDwBUbxUSL7
EcZwD3cbCG4MVCzC2QaCCVwZyHqyxkQ5M1HOM3E5z3W0TJOg6rmon4md0QpMIxfzXd/kJlzBbAWs
mQv7Fp/ADK7XpKxkKSt5JOcwghv4BeP4BL1jhIcMbXOfBpvlVbFTGj1KB55VKFUd8+BxwqXt5b1m
LnTJsZ05tv/H8cv6q7nd6iq79pLmVsko2X85ttc4ttegl0xXF6Yb1dy3gku4gHO4qK164hSWKhUt
y/pXKZ34dFr1b7RNRJdFEgW0o1xcMLYqGIl0vNNG8X7ye+1xpXiYlD1KfCr0gQpGHc5V1ujvJfto
vT9QSwMEFAAAAAgA05LGXNIF8UZZAgAARwoAAA0AAAB4bC9zdHlsZXMueG1s3VbbjpswEP0V5A9Y
kqCiuAIeihSpUluttPvQVxMMWPKF2mZF+vXV2CTZZHdYVX0rKGI8x2fmzHgQKZw/Sf40cO6TWUnt
SjJ4P35OU3ccuGLuwYxcz0p2xirm3YOxfepGy1nrgKRkutts8lQxoUlV6EkdlHfJ0Uzal2RDkrQq
OqOvri2JjqrQTPHkhcmS1EyKxoq4mSkhT9G/C56jkcYmfuCKAx1c7nfcsF2WIHWJpYQ2NnjTmCY8
XFV0QsqLih2oEFJWxci851YfhJSRFLxvscV+Po28JL1lp+3u05Im7A0PVxWNsS23N+VGV1VI3nlg
WNEPwfBmhEdjvDcKrFaw3mgWlZxpi+Gq4silfILz+tndJJi7JDb+axt6DhWfTSHlYsYwywISvA4X
g/973FG8GP9l8t7osP41Gc8fLe/EHNZzdyfgkjsouUl/8SYwKiX5ASMoX8VoJiG90MtqEG3L9dvq
XFV41kh+m2BDkpZ3bJL++QKW5Gp/562YFL3seoTCll1X+xsc5Ta/zqmrCqFbPvO2Xpa2b4KZ2L4p
yWa5AuMeOoQLgVBWBBEIQDQXKgNlRR6a63+sa4/XFUFU4f59aI+z9jgr8t6F6nCjuRAWpZQiJVOa
ZXmOtreu35dRoz3Mc/ghAVGFwEFzQba/7fzKAKyMzQezgZ7y6tigJa+MKFrySucBQnoIHEqRAUBz
AQc9FHSiQASSC0YNYWUZnDOqEH3NVyBKUQiGFJnePMcalcONnBf6EmUZpQgEICIjy1AIXtgVCJUB
QlAoy+KH9O57lp6/c+n1r2P1B1BLAwQUAAAACADTksZct0frisAAAAAWAgAACwAAAF9yZWxzLy5y
ZWxzndJLagMxDIDhqxjvO0pT6KJksuomu1JyAcXWPBjbErJK3dsHsmmm9EX24ueT0O6VEtrMpU6z
VNdyKrX3k5k8AdQwUcbasVBpOQ2sGa12rCMIhgVHgu1m8wh63fD73XXTHT+E/lPkYZgDPXN4y1Ts
m/CXCe+OqCNZ71uCd9blxLx0LSfvDrH3eoj33sGNGPlxPchkGNEQAivdibKQ2kz10xM5vChLvUys
RNvbRX+fh5pRiRR/N6HIivRwIcHqDfZnUEsDBBQAAAAIANOSxlwYG9o3QAEAACkCAAAPAAAAeGwv
d29ya2Jvb2sueG1sjZBNTsNADIWvMpoDNCmCSlRNN1RAJQQVrdg7E6exOjOOZtwfeiFOwIZT9Eho
EioqsWFl+9n6/OzJnsOmZN6og7M+jkOhG5F2nGXRNOggDrhFf3C25uBA4oDDOuO6JoMzNluHXrKr
PB9lAS0IsY8NtVH3tP+wYhsQqtggirM9ygF5PZ2cnS2Cyi4rFjRpU1KT8ka4j78DqVQ7ilSSJXkv
dJdb1MqRJ0dHrAqdaxUb3j9yoCN7Abs0ga0t9LBvvGEQMn/kZbK5gjJ2ikD5mm4u9CjPtaopROkm
Oj4YoR2uoOyrrfA9WcEwA8GHwNuW/LrDZNNJdnFH94pzVB4cFvr0cfo8fSUPiDKvej8CghfXhTFV
hQ7z6gd55lRYk8fqGRzG1DBgzSKoFDrS1fXN8FaremvtHVjz4p8Y+g2Jcv7q9BtQSwMEFAAAAAgA
05LGXDPr47qtAAAA+wEAABoAAAB4bC9fcmVscy93b3JrYm9vay54bWwucmVsc7WRsQ6DMAxEfyXK
B2CgUocKmLqwVvxABIYgEhLFrhr+vhIMgNShC5N1N7w7+YoXGsWjm0mPnkS0ZqZSamb/AKBWo1WU
OI9ztKZ3wSqmxIUBvGonNSDkaXqHcGTIqjgyRbN4/Ifo+n5s8enat8WZf4Dh48JEGpGlaFQYkEsJ
0ew2wXqyJFojRd2VMtRdJgVc1oh4MUh7nU2f8vMr81mjxT1+lZt5fsJtLQGnrasvUEsDBBQAAAAI
ANOSxlybhkKEGwEAANcDAAATAAAAW0NvbnRlbnRfVHlwZXNdLnhtbK2TwU4CMRCGX2XTK9kOevBg
WC7iVTn4ArWdZRvaTtMZcHl7s4uQaBAweGkPnfm/f/q3s7ddRq76GBI3qhPJjwBsO4yGNWVMfQwt
lWiENZUVZGPXZoVwP50+gKUkmKSWQUPNZwtszSZI9dwLJvaUGlUwsKqe9oUDq1Em5+CtEU8Jtsn9
oNRfBF0wjDXc+cyTPgZVwUnEePQr4dD4usVSvMNqaYq8mIiNgj4Ayy4g6/MaJ1xS23qLjuwmYhLN
uaBx3CFKDHovOrmAlg4j7te7mw2MMmeJjuyyUGawVPDvvEMsQ3edC2Us4i8MeUSanG+eEIfEHbpr
4X2ADyrrMROGcbv9mr/nfNS/xsg70fq/39mw62h8OhqA8T/PPwFQSwECFAAUAAAACADTksZcRsdN
SJcAAADNAAAAEAAAAAAAAAAAAAAAgAEAAAAAZG9jUHJvcHMvYXBwLnhtbFBLAQIUABQAAAAIANOS
xlzNhgLy6gAAAMsBAAARAAAAAAAAAAAAAACAAcUAAABkb2NQcm9wcy9jb3JlLnhtbFBLAQIUABQA
AAAIANOSxlyZXJwjCQYAAJwnAAATAAAAAAAAAAAAAACAAd4BAAB4bC90aGVtZS90aGVtZTEueG1s
UEsBAhQAFAAAAAgA05LGXLDJikBkAgAAdAUAABgAAAAAAAAAAAAAALaBGAgAAHhsL3dvcmtzaGVl
dHMvc2hlZXQxLnhtbFBLAQIUABQAAAAIANOSxlzSBfFGWQIAAEcKAAANAAAAAAAAAAAAAACAAbIK
AAB4bC9zdHlsZXMueG1sUEsBAhQAFAAAAAgA05LGXLdH64rAAAAAFgIAAAsAAAAAAAAAAAAAAIAB
Ng0AAF9yZWxzLy5yZWxzUEsBAhQAFAAAAAgA05LGXBgb2jdAAQAAKQIAAA8AAAAAAAAAAAAAAIAB
Hw4AAHhsL3dvcmtib29rLnhtbFBLAQIUABQAAAAIANOSxlwz6+O6rQAAAPsBAAAaAAAAAAAAAAAA
AACAAYwPAAB4bC9fcmVscy93b3JrYm9vay54bWwucmVsc1BLAQIUABQAAAAIANOSxlybhkKEGwEA
ANcDAAATAAAAAAAAAAAAAACAAXEQAABbQ29udGVudF9UeXBlc10ueG1sUEsFBgAAAAAJAAkAPgIA
AL0RAAAAAA==

--===============0672263016550835138==--

-------------------------------------------------------------------------------
